Command: /home/marcos/.espressif/python_env/idf6.0_py3.12_env/bin/python /home/marcos/esp/esp-idf/tools/idf_monitor.py -p /dev/ttyACM0 -b 115200 --toolchain-prefix xtensa-esp32s3-elf- --target esp32s3 --revision 0 /home/marcos/esp/kyber-multandsum-esp32/build/kyber-esp32.elf /home/marcos/esp/kyber-multandsum-esp32/build/bootloader/bootloader.elf -m '/home/marcos/.espressif/python_env/idf6.0_py3.12_env/bin/python' '/home/marcos/esp/esp-idf/tools/idf.py' '-p' '/dev/ttyACM0'
ï¿½é•¡ï¿½ESP-ROM:esp32s3-20210327
Build:Mar 27 2021
rst:0x1 (POWERON),boot:0x8 (SPI_FAST_FLASH_BOOT)
SPIWP:0xee
mode:DIO, clock div:1
load:0x3fce2820,len:0x1598
load:0x403c8700,len:0xd20
load:0x403cb700,len:0x2f40
entry 0x403c8924
[0;32mI (24) boot: ESP-IDF f7a0444-dirty 2nd stage bootloader[0m
[0;32mI (25) boot: compile time Aug 14 2025 13:13:46[0m
[0;32mI (25) boot: Multicore bootloader[0m
[0;32mI (26) boot: chip revision: v0.2[0m
[0;32mI (28) boot: efuse block revision: v1.3[0m
[0;32mI (32) boot.esp32s3: Boot SPI Speed : 80MHz[0m
[0;32mI (36) boot.esp32s3: SPI Mode       : DIO[0m
[0;32mI (39) boot.esp32s3: SPI Flash Size : 2MB[0m
[0;32mI (43) boot: Enabling RNG early entropy source...[0m
[0;32mI (48) boot: Partition Table:[0m
[0;32mI (50) boot: ## Label            Usage          Type ST Offset   Length[0m
[0;32mI (57) boot:  0 nvs              WiFi data        01 02 00009000 00006000[0m
[0;32mI (63) boot:  1 phy_init         RF data          01 01 0000f000 00001000[0m
[0;32mI (70) boot:  2 factory          factory app      00 00 00010000 00100000[0m
[0;32mI (76) boot: End of partition table[0m
[0;32mI (80) esp_image: segment 0: paddr=00010020 vaddr=3c020020 size=0a6f4h ( 42740) map[0m
[0;32mI (94) esp_image: segment 1: paddr=0001a71c vaddr=3fc92600 size=02cc4h ( 11460) load[0m
[0;32mI (97) esp_image: segment 2: paddr=0001d3e8 vaddr=40374000 size=02c30h ( 11312) load[0m
[0;32mI (104) esp_image: segment 3: paddr=00020020 vaddr=42000020 size=18288h ( 98952) map[0m
[0;32mI (127) esp_image: segment 4: paddr=000382b0 vaddr=40376c30 size=0b8c4h ( 47300) load[0m
[0;32mI (137) esp_image: segment 5: paddr=00043b7c vaddr=50000000 size=00020h (    32) load[0m
[0;32mI (144) boot: Loaded app from partition at offset 0x10000[0m
[0;32mI (144) boot: Disabling RNG early entropy source...[0m
[0;32mI (155) cpu_start: Multicore app[0m
[0;32mI (164) cpu_start: Pro cpu start user code[0m
[0;32mI (164) cpu_start: cpu freq: 160000000 Hz[0m
[0;32mI (164) app_init: Application information:[0m
[0;32mI (164) app_init: Project name:     kyber-esp32[0m
[0;32mI (169) app_init: App version:      f7a0444-dirty[0m
[0;32mI (173) app_init: Compile time:     Aug 14 2025 13:13:42[0m
[0;32mI (178) app_init: ELF file SHA256:  299e2e5fe...[0m
[0;32mI (182) app_init: ESP-IDF:          f7a0444-dirty[0m
[0;32mI (187) efuse_init: Min chip rev:     v0.0[0m
[0;32mI (191) efuse_init: Max chip rev:     v0.99 [0m
[0;32mI (195) efuse_init: Chip rev:         v0.2[0m
[0;32mI (198) heap_init: Initializing. RAM available for dynamic allocation:[0m
[0;32mI (205) heap_init: At 3FC973A0 len 00052370 (328 KiB): RAM[0m
[0;32mI (210) heap_init: At 3FCE9710 len 00005724 (21 KiB): RAM[0m
[0;32mI (215) heap_init: At 3FCF0000 len 00008000 (32 KiB): DRAM[0m
[0;32mI (220) heap_init: At 600FE000 len 00001FE8 (7 KiB): RTCRAM[0m
[0;32mI (227) spi_flash: detected chip: generic[0m
[0;32mI (229) spi_flash: flash io: dio[0m
[0;33mW (232) spi_flash: Detected size(16384k) larger than the size in the binary image header(2048k). Using the size in the binary image header.[0m
[0;32mI (245) sleep_gpio: Configure to isolate all GPIO pins in sleep state[0m
[0;32mI (251) sleep_gpio: Enable automatic switching of GPIO sleep configuration[0m
[0;32mI (258) main_task: Started on CPU0[0m
[0;32mI (278) main_task: Calling app_main()[0m
[0;32mI (278) KYBER_MATVEC: Kyber512 Matrix-Vector Multiplication Test[0m
Matrix generation seed: 4CF9C1134EC37E96749DB3F3ED17033F53167A79AD5A4664A4E78CCE5A5BA9AC

=== Step 1: Generating matrix A ===
Matrix A generated successfully

=== Step 2: Generating noise vectors s and e ===
=== s (NTT domain) ===
s (NTT domain)[0] (first 8 coeffs): -845 22 285 1609 592 1139 767 1309 
s (NTT domain)[0] checksum: -3201

s (NTT domain)[1] (first 8 coeffs): -1600 -616 -1254 588 1623 266 -1132 548 
s (NTT domain)[1] checksum: -256

=== e (time domain) ===
e (time domain)[0] (first 8 coeffs): -2 2 -3 0 2 0 0 -1 
e (time domain)[0] checksum: -31

e (time domain)[1] (first 8 coeffs): 1 0 0 0 -1 -1 0 -2 
e (time domain)[1] checksum: 4

=== Step 3: Computing A * s ===
Starting matrix-vector multiplication A * s...
Computed result row 0
Computed result row 1
Matrix-vector multiplication complete!

=== A*s (time domain) ===
A*s (time domain)[0] (first 8 coeffs): 1179 -431 849 -588 461 1169 1043 -1343 
A*s (time domain)[0] checksum: -1267

A*s (time domain)[1] (first 8 coeffs): -485 73 -1342 683 456 -251 687 1612 
A*s (time domain)[1] checksum: 2181

=== Step 4: Computing t = A*s + e ===
=== t = A*s + e ===
t = A*s + e[0] (first 8 coeffs): 1177 -429 846 -588 463 1169 1043 -1344 
t = A*s + e[0] checksum: -1298

t = A*s + e[1] (first 8 coeffs): -484 73 -1342 683 455 -252 687 1610 
t = A*s + e[1] checksum: 2185

=== Step 5: Reducing t modulo q ===
=== t (reduced mod q) ===
t (reduced mod q)[0] (first 8 coeffs): 1177 -429 846 -588 463 1169 1043 -1344 
t (reduced mod q)[0] checksum: 2031

t (reduced mod q)[1] (first 8 coeffs): -484 73 -1342 683 455 -252 687 1610 
t (reduced mod q)[1] checksum: 2185

[0;32mI (418) KYBER_MATVEC: Key generation computation complete![0m
[0;32mI (428) KYBER_MATVEC: Public key would be: (t, rho)[0m
[0;32mI (428) KYBER_MATVEC: Private key would be: s[0m
[0;32mI (438) KYBER_MATVEC: Free heap memory: 365864 bytes[0m
